{
    "multiqc_data": {
        "content": [
            "cutadapt_filtered_reads_plot.txt:md5,bf033e64e9d23bee85b6277f11c663f1",
            "cutadapt_trimmed_sequences_plot_3_Counts.txt:md5,13dfa866fd91dbb072689efe9aa83b1f",
            "cutadapt_trimmed_sequences_plot_3_Obs_Exp.txt:md5,07145dd8dd3db654859b18eb0389046c",
            "fastqc-status-check-heatmap.txt:md5,22a03548736b88b23be6bc0c9ef1b4a6",
            "fastqc_overrepresented_sequences_plot.txt:md5,4adfeacd3a3a6c7c808f121b24e6b247",
            "fastqc_per_base_n_content_plot.txt:md5,418610c1ce119cb786ad434db75d366e",
            "fastqc_per_base_sequence_quality_plot.txt:md5,bd22e06e41c096ad4f745d40fe96a1e5",
            "fastqc_per_sequence_gc_content_plot_Counts.txt:md5,004c60768ceb6197765154e3eaa37b7a",
            "fastqc_per_sequence_gc_content_plot_Percentages.txt:md5,95d29060b687f745288ad1ec47750037",
            "fastqc_per_sequence_quality_scores_plot.txt:md5,0f9834cc19f76dd5c87cf8cba7435a7c",
            "fastqc_sequence_counts_plot.txt:md5,3861354bbedfbde7ca36a72994f9425c",
            "fastqc_sequence_duplication_levels_plot.txt:md5,c73407d55fc532e864fa1dc8dbc12874",
            "fastqc_sequence_length_distribution_plot.txt:md5,6fe2c985606abad947bcca99b015ae33",
            "multiqc_citations.txt:md5,f789abe663d4b4214f0ddeb413a7f150",
            "multiqc_cutadapt.txt:md5,aac9581a5670cb55edf564f3d6c1f9a7",
            "multiqc_fastqc_fastqc_trimmed.txt:md5,a3238f515e01d158d875d69968753804",
            "fastqc_top_overrepresented_sequences_table.txt",
            "multiqc_data.json",
            "multiqc_general_stats.txt",
            "multiqc_salmon.txt",
            "multiqc_software_versions.txt",
            "multiqc_sources.txt",
            "salmon_plot.txt"
        ],
        "meta": {
            "nf-test": "0.9.0",
            "nextflow": "24.04.4"
        },
        "timestamp": "2024-08-26T10:25:09.703525"
    },
    "trimgalore": {
        "content": [
            "RAP1_IAA_30M_REP1_trimmed_1.fastq.gz_trimming_report.txt",
            "RAP1_IAA_30M_REP1_trimmed_2.fastq.gz_trimming_report.txt",
            "RAP1_UNINDUCED_REP1_trimmed.fastq.gz_trimming_report.txt",
            "RAP1_UNINDUCED_REP2_trimmed.fastq.gz_trimming_report.txt",
            "WT_REP1_trimmed_1.fastq.gz_trimming_report.txt",
            "WT_REP1_trimmed_2.fastq.gz_trimming_report.txt",
            "WT_REP2_trimmed_1.fastq.gz_trimming_report.txt",
            "WT_REP2_trimmed_2.fastq.gz_trimming_report.txt"
        ],
        "meta": {
            "nf-test": "0.9.0",
            "nextflow": "24.04.4"
        },
        "timestamp": "2024-08-26T10:25:09.861436"
    },
    "references": {
        "content": [
            "genome_gfp.fasta:md5,e23e302af63736a199985a169fdac055",
            "genome_gfp.gtf:md5,c98b12c302f15731bfc36bcf297cfe28"
        ],
        "meta": {
            "nf-test": "0.9.0",
            "nextflow": "24.04.4"
        },
        "timestamp": "2024-08-26T10:25:09.678308"
    },
    "versions": {
        "content": [
            "{BBMAP_BBSPLIT={bbmap=39.01}, CAT_FASTQ={cat=8.3}, CUSTOM_CATADDITIONALFASTA={python=3.9.5}, CUSTOM_GETCHROMSIZES={getchromsizes=1.2}, CUSTOM_TX2GENE={python=3.9.5}, FQ_SUBSAMPLE={fq=0.9.1 (2022-02-22)}, GTF2BED={perl=5.26.2}, GTF_FILTER={python=3.9.5}, GUNZIP_ADDITIONAL_FASTA={gunzip=1.1}, GUNZIP_GTF={gunzip=1.1}, SALMON_QUANT={salmon=1.10.1}, SE_GENE={bioconductor-summarizedexperiment=1.32.0}, TRIMGALORE={trimgalore=0.6.7, cutadapt=3.4}, TXIMETA_TXIMPORT={bioconductor-tximeta=1.20.1}, UNTAR_SALMON_INDEX={untar=1.34}, Workflow={nf-core/rnaseq=v3.15.1}}"
        ],
        "meta": {
            "nf-test": "0.9.0",
            "nextflow": "24.04.4"
        },
        "timestamp": "2024-08-26T10:25:10.110511"
    },
    "fastqc/trim": {
        "content": [
            "RAP1_IAA_30M_REP1_trimmed_1_val_1_fastqc.html",
            "RAP1_IAA_30M_REP1_trimmed_1_val_1_fastqc.zip",
            "RAP1_IAA_30M_REP1_trimmed_2_val_2_fastqc.html",
            "RAP1_IAA_30M_REP1_trimmed_2_val_2_fastqc.zip",
            "RAP1_UNINDUCED_REP1_trimmed_trimmed_fastqc.html",
            "RAP1_UNINDUCED_REP1_trimmed_trimmed_fastqc.zip",
            "RAP1_UNINDUCED_REP2_trimmed_trimmed_fastqc.html",
            "RAP1_UNINDUCED_REP2_trimmed_trimmed_fastqc.zip",
            "WT_REP1_trimmed_1_val_1_fastqc.html",
            "WT_REP1_trimmed_1_val_1_fastqc.zip",
            "WT_REP1_trimmed_2_val_2_fastqc.html",
            "WT_REP1_trimmed_2_val_2_fastqc.zip",
            "WT_REP2_trimmed_1_val_1_fastqc.html",
            "WT_REP2_trimmed_1_val_1_fastqc.zip",
            "WT_REP2_trimmed_2_val_2_fastqc.html",
            "WT_REP2_trimmed_2_val_2_fastqc.zip"
        ],
        "meta": {
            "nf-test": "0.9.0",
            "nextflow": "24.04.4"
        },
        "timestamp": "2024-08-26T10:25:09.69038"
    },
    "salmon": {
        "content": [
            "tx2gene.tsv:md5,0e2418a69d2eba45097ebffc2f700bfe",
            "salmon.merged.gene_counts.SummarizedExperiment.rds",
            "salmon.merged.gene_counts.tsv",
            "salmon.merged.gene_counts_length_scaled.SummarizedExperiment.rds",
            "salmon.merged.gene_counts_length_scaled.tsv",
            "salmon.merged.gene_counts_scaled.SummarizedExperiment.rds",
            "salmon.merged.gene_counts_scaled.tsv",
            "salmon.merged.gene_lengths.tsv",
            "salmon.merged.gene_tpm.tsv",
            "salmon.merged.transcript_counts.SummarizedExperiment.rds",
            "salmon.merged.transcript_counts.tsv",
            "salmon.merged.transcript_lengths.tsv",
            "salmon.merged.transcript_tpm.tsv"
        ],
        "meta": {
            "nf-test": "0.9.0",
            "nextflow": "24.04.4"
        },
        "timestamp": "2024-08-26T10:25:09.804203"
    },
    "multiqc_plots": {
        "content": [
            "cutadapt_filtered_reads_plot-cnt.png:md5,704cf0d91bfa3dd658dd8c9590f669a2",
            "cutadapt_filtered_reads_plot-pct.png:md5,2684d8b2afca3300e5786486b80237f0",
            "cutadapt_trimmed_sequences_plot_3_Counts.png:md5,bef41d894629b0c4dab4478bbf197f50",
            "cutadapt_trimmed_sequences_plot_3_Obs_Exp.png:md5,1e0d01537d3797623d0b3fd8fbe42787",
            "fastqc-status-check-heatmap.png:md5,2402522f8c02e12aea9af088c6595890",
            "fastqc_overrepresented_sequences_plot.png:md5,40e450251b80ec0efc9364434234ec7f",
            "fastqc_per_sequence_gc_content_plot_Counts.png:md5,8a806cec2142f9911502e0a253d83d13",
            "fastqc_per_sequence_gc_content_plot_Percentages.png:md5,953929d50c8490029880e205e4db7959",
            "fastqc_per_sequence_quality_scores_plot.png:md5,d2c29cae169f35744500c751b4a7366e",
            "fastqc_sequence_counts_plot-cnt.png:md5,2874fea747c7ff46828bf4f17668caf8",
            "fastqc_sequence_counts_plot-pct.png:md5,0022d7f5ac78b6eff157de24e37c5ab0",
            "fastqc_sequence_duplication_levels_plot.png:md5,fcd3b1ec2b95fe4bcd607dc28179a754",
            "multiqc_report.html",
            "cutadapt_filtered_reads_plot-cnt.pdf",
            "cutadapt_filtered_reads_plot-pct.pdf",
            "cutadapt_trimmed_sequences_plot_3_Counts.pdf",
            "cutadapt_trimmed_sequences_plot_3_Obs_Exp.pdf",
            "fastqc-status-check-heatmap.pdf",
            "fastqc_overrepresented_sequences_plot.pdf",
            "fastqc_per_base_n_content_plot.pdf",
            "fastqc_per_base_sequence_quality_plot.pdf",
            "fastqc_per_sequence_gc_content_plot_Counts.pdf",
            "fastqc_per_sequence_gc_content_plot_Percentages.pdf",
            "fastqc_per_sequence_quality_scores_plot.pdf",
            "fastqc_sequence_counts_plot-cnt.pdf",
            "fastqc_sequence_counts_plot-pct.pdf",
            "fastqc_sequence_duplication_levels_plot.pdf",
            "fastqc_sequence_length_distribution_plot.pdf",
            "fastqc_top_overrepresented_sequences_table.pdf",
            "general_stats_table.pdf",
            "salmon_plot.pdf",
            "fastqc_per_base_n_content_plot.png",
            "fastqc_per_base_sequence_quality_plot.png",
            "fastqc_sequence_length_distribution_plot.png",
            "fastqc_top_overrepresented_sequences_table.png",
            "general_stats_table.png",
            "salmon_plot.png",
            "cutadapt_filtered_reads_plot-cnt.svg",
            "cutadapt_filtered_reads_plot-pct.svg",
            "cutadapt_trimmed_sequences_plot_3_Counts.svg",
            "cutadapt_trimmed_sequences_plot_3_Obs_Exp.svg",
            "fastqc-status-check-heatmap.svg",
            "fastqc_overrepresented_sequences_plot.svg",
            "fastqc_per_base_n_content_plot.svg",
            "fastqc_per_base_sequence_quality_plot.svg",
            "fastqc_per_sequence_gc_content_plot_Counts.svg",
            "fastqc_per_sequence_gc_content_plot_Percentages.svg",
            "fastqc_per_sequence_quality_scores_plot.svg",
            "fastqc_sequence_counts_plot-cnt.svg",
            "fastqc_sequence_counts_plot-pct.svg",
            "fastqc_sequence_duplication_levels_plot.svg",
            "fastqc_sequence_length_distribution_plot.svg",
            "fastqc_top_overrepresented_sequences_table.svg",
            "general_stats_table.svg",
            "salmon_plot.svg"
        ],
        "meta": {
            "nf-test": "0.9.0",
            "nextflow": "24.04.4"
        },
        "timestamp": "2024-08-26T10:25:09.724424"
    },
    "bbsplit": {
        "content": [
            "RAP1_IAA_30M_REP1.stats.txt",
            "RAP1_UNINDUCED_REP1.stats.txt",
            "RAP1_UNINDUCED_REP2.stats.txt",
            "WT_REP1.stats.txt",
            "WT_REP2.stats.txt"
        ],
        "meta": {
            "nf-test": "0.9.0",
            "nextflow": "24.04.4"
        },
        "timestamp": "2024-08-26T10:25:09.665867"
    },
    "salmon_quant": {
        "content": [
            "ambig_info.tsv:md5,de973a4b22a4457217ae3dc04caf9401",
            "expected_bias.gz:md5,3407f87245d0003e0ffbfdf6d8c04f20",
            "observed_bias.gz:md5,92bcd0592d22a6a58d0360fc76103e56",
            "observed_bias_3p.gz:md5,92bcd0592d22a6a58d0360fc76103e56",
            "cmd_info.json:md5,1215f0c20f87d3aef8553ef119e1e74c",
            "lib_format_counts.json:md5,c24ffe28d70476b5ccdd8bc2d22c0ac1",
            "ambig_info.tsv:md5,45f252b4f0e11e6730cf0c29f800fdbb",
            "expected_bias.gz:md5,3407f87245d0003e0ffbfdf6d8c04f20",
            "observed_bias.gz:md5,92bcd0592d22a6a58d0360fc76103e56",
            "observed_bias_3p.gz:md5,92bcd0592d22a6a58d0360fc76103e56",
            "cmd_info.json:md5,621c6601aade5b1f2e3d6ca2fc71f636",
            "lib_format_counts.json:md5,f6d44c0221f7fd559f11a9afe04c9935",
            "ambig_info.tsv:md5,6dcc2891ea572e9b8d1ba52cd434ab84",
            "expected_bias.gz:md5,3407f87245d0003e0ffbfdf6d8c04f20",
            "observed_bias.gz:md5,92bcd0592d22a6a58d0360fc76103e56",
            "observed_bias_3p.gz:md5,92bcd0592d22a6a58d0360fc76103e56",
            "cmd_info.json:md5,9bed6e4dc5428d6f6297adcea29a6326",
            "lib_format_counts.json:md5,7c562bf2f70e42f3a7292687dfd328c3",
            "ambig_info.tsv:md5,194f574e0586416155e3f33d42e2b167",
            "expected_bias.gz:md5,3407f87245d0003e0ffbfdf6d8c04f20",
            "observed_bias.gz:md5,92bcd0592d22a6a58d0360fc76103e56",
            "observed_bias_3p.gz:md5,92bcd0592d22a6a58d0360fc76103e56",
            "cmd_info.json:md5,c7ed0aaa5d6c7934ddbebfd29e4eb86d",
            "lib_format_counts.json:md5,d46250bb3677d72feeefc435fe6395a6",
            "ambig_info.tsv:md5,a26e3f936e65d7da66392603c2f91f6f",
            "expected_bias.gz:md5,3407f87245d0003e0ffbfdf6d8c04f20",
            "observed_bias.gz:md5,92bcd0592d22a6a58d0360fc76103e56",
            "observed_bias_3p.gz:md5,92bcd0592d22a6a58d0360fc76103e56",
            "cmd_info.json:md5,69ebfc2c7ca6b221a0a22fa1dc8c20ac",
            "lib_format_counts.json:md5,088fd51db07022ffde47033bbd029400",
            "fld.gz",
            "meta_info.json",
            "flenDist.txt",
            "salmon_quant.log",
            "quant.genes.sf",
            "quant.sf",
            "fld.gz",
            "meta_info.json",
            "flenDist.txt",
            "salmon_quant.log",
            "quant.genes.sf",
            "quant.sf",
            "fld.gz",
            "meta_info.json",
            "flenDist.txt",
            "salmon_quant.log",
            "quant.genes.sf",
            "quant.sf",
            "fld.gz",
            "meta_info.json",
            "flenDist.txt",
            "salmon_quant.log",
            "quant.genes.sf",
            "quant.sf",
            "fld.gz",
            "meta_info.json",
            "flenDist.txt",
            "salmon_quant.log",
            "quant.genes.sf",
            "quant.sf"
        ],
        "meta": {
            "nf-test": "0.9.0",
            "nextflow": "24.04.4"
        },
        "timestamp": "2024-08-26T10:25:09.758031"
    },
    "Params: --pseudo_aligner salmon --skip_qc --skip_alignment - stub": {
        "content": [
            "{BBMAP_BBSPLIT={bbmap=39.01}, CAT_FASTQ={cat=8.3}, CUSTOM_CATADDITIONALFASTA={python=null}, CUSTOM_GETCHROMSIZES={getchromsizes=1.2}, GTF2BED={perl=5.26.2}, GTF_FILTER={python=3.9.5}, GUNZIP_ADDITIONAL_FASTA={gunzip=1.1}, GUNZIP_GTF={gunzip=1.1}, TRIMGALORE={trimgalore=0.6.7, cutadapt=3.4}, UNTAR_SALMON_INDEX={untar=1.34}, Workflow={nf-core/rnaseq=v3.15.1}}",
            "genome_transcriptome.fasta",
            "genome_transcriptome.gtf",
            "RAP1_IAA_30M_REP1_raw.html",
            "RAP1_IAA_30M_REP1_raw.zip",
            "RAP1_UNINDUCED_REP1_raw.html",
            "RAP1_UNINDUCED_REP1_raw.zip",
            "RAP1_UNINDUCED_REP2_raw.html",
            "RAP1_UNINDUCED_REP2_raw.zip",
            "WT_REP1_raw.html",
            "WT_REP1_raw.zip",
            "WT_REP2_raw.html",
            "WT_REP2_raw.zip",
            "multiqc_report.html",
            "RAP1_IAA_30M_REP1_trimmed_1.fastq.gz_trimming_report.txt",
            "RAP1_IAA_30M_REP1_trimmed_2.fastq.gz_trimming_report.txt",
            "RAP1_UNINDUCED_REP1_trimmed.fastq.gz_trimming_report.txt",
            "RAP1_UNINDUCED_REP2_trimmed.fastq.gz_trimming_report.txt",
            "WT_REP1_trimmed_1.fastq.gz_trimming_report.txt",
            "WT_REP1_trimmed_2.fastq.gz_trimming_report.txt",
            "WT_REP2_trimmed_1.fastq.gz_trimming_report.txt",
            "WT_REP2_trimmed_2.fastq.gz_trimming_report.txt"
        ],
        "meta": {
            "nf-test": "0.9.0",
            "nextflow": "24.04.4"
        },
        "timestamp": "2024-08-26T10:25:58.654392"
    }
}